module ./builtin
object q_empty
enum QType
    member none
    member qnull
    member qnum
    member qstring
    member qdict
    member qlist
    member qbool
module comments.json
enum Status
    member good
    member bad
    member ugly
