module ./builtin
object q_empty
enum QType
    member none
    member qnull
    member qnum
    member qstring
    member qdict
    member qlist
    member qbool
module indented-expr.json
command eins None -> None
    gen=True success_response=True boxed=False oob=False preconfig=False
command zwei None -> None
    gen=True success_response=True boxed=False oob=False preconfig=False
