Launching VM...
Setting IOThreads...
{"return": {}}
{"return": {}}
Enabling migration QMP events...
{"return": {}}
Starting migration...
{"return": {}}
{"data": {"status": "setup"}, "event": "MIGRATION", "timestamp": {"microseconds": "USECS", "seconds": "SECS"}}
{"data": {"status": "active"}, "event": "MIGRATION", "timestamp": {"microseconds": "USECS", "seconds": "SECS"}}
{"data": {"status": "device"}, "event": "MIGRATION", "timestamp": {"microseconds": "USECS", "seconds": "SECS"}}
{"data": {"status": "completed"}, "event": "MIGRATION", "timestamp": {"microseconds": "USECS", "seconds": "SECS"}}
