................
----------------------------------------------------------------------
Ran 16 tests

OK
